C51 COMPILER V9.60.7.0   __CONFIG__                                                        12/04/2023 01:53:37 PAGE 1   


C51 COMPILER V9.60.7.0, COMPILATION OF MODULE __CONFIG__
OBJECT MODULE PLACED IN .\Objects\__config__.obj
COMPILER INVOKED BY: E:\Keil C51\C51\BIN\C51.EXE ..\src\__config__.c OPTIMIZE(8,SPEED) BROWSE INCDIR(..\include) DEBUG O
                    -BJECTEXTEND PRINT(.\Listings\__config__.lst) OBJECT(.\Objects\__config__.obj)

line level    source

   1          /**
   2           * 作者：李宗霖 日期：2023/11/16
   3           * CSDN昵称：Leisure_水中鱼
   4           * CSDN: https://blog.csdn.net/Supine_0?type=blog
   5           */
   6          
   7          #include "__config__.h"


MODULE INFORMATION:   STATIC OVERLAYABLE
   CODE SIZE        =   ----    ----
   CONSTANT SIZE    =   ----    ----
   XDATA SIZE       =   ----    ----
   PDATA SIZE       =   ----    ----
   DATA SIZE        =   ----    ----
   IDATA SIZE       =   ----    ----
   BIT SIZE         =   ----    ----
END OF MODULE INFORMATION.


C51 COMPILATION COMPLETE.  0 WARNING(S),  0 ERROR(S)
