C51 COMPILER V9.60.7.0   GLOBAL                                                            12/06/2023 08:29:00 PAGE 1   


C51 COMPILER V9.60.7.0, COMPILATION OF MODULE GLOBAL
OBJECT MODULE PLACED IN .\Objects\global.obj
COMPILER INVOKED BY: E:\Keil C51\C51\BIN\C51.EXE ..\src\global.c OPTIMIZE(8,SPEED) BROWSE INCDIR(..\include) DEBUG OBJEC
                    -TEXTEND PRINT(.\Listings\global.lst) OBJECT(.\Objects\global.obj)

line level    source

   1          /**
   2           * global.c
   3           * 作者：李宗霖 日期：2023/12/01
   4           * CSDN昵称：Leisure_水中鱼
   5           * CSDN: https://blog.csdn.net/Supine_0?type=blog
   6           * ----------------------------------------------
   7           * 在此添加的全局变量
   8           */
   9          #define uint unsigned int
  10          #define uchar unsigned char
  11          
  12          // ==================== 标志位 ====================
  13          
  14          /** 约定: 标志位采用下划线方式命名 */
  15          // 模式状态标志位 自上往下 优先级递减 (可扩充)
  16          bit settings_mode = 0; // 当前是设置模式
  17          // ... ...
  18          
  19          // 行动标志位
  20          bit page_change = 0;       // 视图模式 视图发生改变
  21          bit ready_settings = 0;    // 将会进入设置模式
  22          bit convert_finished = 1;  // 温度传感器完成温度转化
  23          bit dc_motor_working = 0;  // 直流电机需要工作
  24          bit above_upper_limit = 0; // 温度高于上限阈值
  25          bit below_lower_limit = 0; // 温度低于下限阈值
  26          bit ringtone_change = 0;   // 铃声发生改变 需要重新读取
  27          bit save_in_24c02 = 0;     // 在主函数中进行24c02数据的存储(妥协)
  28          bit play_music = 0;
  29          
  30          
  31          // ==================== ===== ====================
  32          
  33          // ==================== 用于计算时间戳的计数变量 ====================
  34          
  35          uint dcmCount = 0;     // 用于分割直流电机方波
  36          uint convertCount = 0; // 用于计算温度传感器转化时间
  37          uchar changeCount = 0; // 用于计算长按 持续增加/减少 间隔
  38          
  39          // ==================== ==================== ====================
  40          
  41          // ==================== 模式需要用到的变量 ====================
  42          
  43          uchar page = 0x7f;   // 用于视图模式选择不同视图
  44          uchar option = 0xff; // 用于设置模式选择不同项
  45          
  46          // 视图模式 主视图  设置模式 第 1 2 _ _ 项
  47          char upperLimit = 127;    // 温度上限
  48          char lowerLimit = -55;    // 温度下限
  49          float temperature = 80.5; // 温度
  50          uchar fanGear = 0;        // 风扇档位
  51          
  52          // 视图模式 温度极值查询视图
  53          float highest = -55; // 开机后最高温
  54          float lowest = 127;  // 开机后最低温
C51 COMPILER V9.60.7.0   GLOBAL                                                            12/06/2023 08:29:00 PAGE 2   

  55          
  56          // 视图模式 温度过界计时视图
  57          uchar hus = 0, hms = 0, hs = 0, hm = 0; // 开机后 超过温度上限 时间
  58          uchar lus = 0, lms = 0, ls = 0, lm = 0; // 开机后 低于温度下限 时间
  59          
  60          // 设置模式 第 4 项
  61          uchar fanGearStep = 2; // 风扇/直流电机档位步长
  62          
  63          // 设置模式 第 3 _ 项 在 11.0592MHz 下 分辨率对应最大转换时间需要 T0 的定时次数
  64          uchar dsr = 0x03; // ds18b20 resolution 温度传感器分辨率
  65          uint code cttcn[] = {
  66              337, 675, 1350, 2700
  67          }; // convert temperature timer count num
  68          
  69          // 设置模式 第 5 6 项
  70          uchar ringtoneNum = 1; // 铃声序号
  71          uchar ringRate = 6;       // 铃声速率
  72          
  73          // ==================== =============== ====================
  74          
  75          // ==================== 其他的 ====================
  76          
  77          // 存储摄氏度 字符集的 '°' ASCII 和标准集不一样
  78          uchar code DC[] = {0xdf, 0x43, 0}; // °C
  79          
  80          // 定义一个最大长度的字符串用作打印的空间
  81          uchar numStr[] = "     ";
  82          
  83          // 通过全局设置显示等待(间隔)时间
  84          uint SHOW_WAIT = 0;
  85          
  86          // 用于接收按键操作的变量
  87          uchar key = 0xf;
  88          uchar pressKey = 0xff;
  89          
  90          // 与at24c02进行通信需要的变量
  91          uchar settingsSave = 0x00;
  92          
  93          // ==================== ===== ====================
  94          
  95          // ==================== 为了播放音乐而定义 ====================
  96          
  97          uint freqDelay = 0x20, freqSize = 600;
  98          uchar freqH = 0xfc, freqL = 0x18, freqSelect = 0; 
  99          uchar idata musicArr[97]; // 存储音乐节拍索引
 100          
 101          uint code FreqTable[] = { // 索引与频率对照表
 102              0,     // 0
 103              63628, // 1
 104              63731, // 2
 105              63835, // 3
 106              63928, // 4
 107              64021, // 5
 108              64103, // 6
 109              64185, // 7
 110              64260, // 8
 111              64331, // 9
 112              64400, // 10
 113              64463, // 11
 114              64528, // 12
 115              64580, // 13
 116              64633, // 14
C51 COMPILER V9.60.7.0   GLOBAL                                                            12/06/2023 08:29:00 PAGE 3   

 117              64684, // 15
 118              64732, // 16
 119              64777, // 17
 120              64820, // 18
 121              64860, // 19
 122              64898, // 20
 123              64934, // 21
 124              64968, // 22
 125              65000, // 23
 126              65030, // 24
 127              65058, // 25
 128              65085, // 26
 129              65110, // 27
 130              65134, // 28
 131              65157, // 29
 132              65178, // 30
 133              65198, // 31
 134              65217, // 32
 135              65235, // 33
 136              65252, // 34
 137              65268, // 35
 138              65283, // 36
 139          };
 140          
 141          // ==================== =============== ====================


MODULE INFORMATION:   STATIC OVERLAYABLE
   CODE SIZE        =   ----    ----
   CONSTANT SIZE    =     85    ----
   XDATA SIZE       =   ----    ----
   PDATA SIZE       =   ----    ----
   DATA SIZE        =     52    ----
   IDATA SIZE       =     97    ----
   BIT SIZE         =     10    ----
END OF MODULE INFORMATION.


C51 COMPILATION COMPLETE.  0 WARNING(S),  0 ERROR(S)
